---
source: luar_lex/src/token.rs
expression: tokens
---
[
    String(
        StringLiteral(
            "hello world \n \"nope\"",
        ),
    ),
]
