---
source: src/lex/token.rs
expression: tokens
---
[
    String(
        StringLiteral(
            "hello world \n \"nope\"",
        ),
    ),
]
