---
source: src/lex.rs
expression: tokens
---
[
    StringLiteral(
        "hello world \n \"nope\"",
    ),
]
